{
  "Id": "https://www.heise.de/plus/",
  "Website": "https://www.heise.de/plus/",
  "Title": "Alle Inhalte von heise+ ",
  "LastUpdatedTime": "2024-12-09T13:00:00+01:00",
  "Description": "Immer mehr Wissen. Das digitale Abo für IT und Technik.",
  "Language": "de",
  "Items": [
    {
      "FeedId": "https://www.heise.de/plus/",
      "ItemId": "http://heise.de/-10187327",
      "Title": "heise+ | So funktioniert die Geräteverschlüsselung von Windows",
      "PublishDate": "2024-12-09T13:00:00+01:00",
      "Summary": "Microsoft verspricht \"Sicherheit für Ihre persönlichen Informationen\" durch die Automatik \"Geräteverschlüsselung\". Wie funktioniert das und was bringt es?",
      "Content": "<p><a href=\"https://www.heise.de/ratgeber/So-funktioniert-die-Geraeteverschluesselung-von-Windows-10187327.html?wt_mc=rss.red.plus.plus.rdf.beitrag_plus.beitrag_plus\"><img src=\"https://www.heise.de/scale/geometry/450/q80//imgs/18/4/7/5/6/8/1/7/ct2824diewindow_132031_axv_a_online-7244d350a20ac22e.jpeg\" class=\"webfeedsFeaturedVisual\" alt=\"\" /></a></p><p>Microsoft verspricht \"Sicherheit für Ihre persönlichen Informationen\" durch die Automatik \"Geräteverschlüsselung\". Wie funktioniert das und was bringt es?</p>",
      "Language": "de",
      "Link": "https://www.heise.de/ratgeber/So-funktioniert-die-Geraeteverschluesselung-von-Windows-10187327.html?wt_mc=rss.red.plus.plus.rdf.beitrag_plus.beitrag_plus"
    },
    {
      "FeedId": "https://www.heise.de/plus/",
      "ItemId": "http://heise.de/-10190257",
      "Title": "heise+ | Digitalisierung im öffentlichen Sektor: Wie EVB-IT die Regeln ändert",
      "PublishDate": "2024-12-09T10:00:00+01:00",
      "Summary": "Mit der Einigung zwischen Bundesinnenministerium und Bitkom sind die EVB-IT-Rahmenvereinbarung und das Tool zur Vertragserstellung EVB-IT digital live gegangen.",
      "Content": "<p><a href=\"https://www.heise.de/hintergrund/Digitalisierung-im-oeffentlichen-Sektor-Wie-EVB-IT-die-Regeln-aendert-10190257.html?wt_mc=rss.red.plus.plus.rdf.beitrag_plus.beitrag_plus\"><img src=\"https://www.heise.de/scale/geometry/450/q80//imgs/18/4/7/5/8/3/4/6/recht_evb_it-30412bb6f8e482f9.png\" class=\"webfeedsFeaturedVisual\" alt=\"\" /></a></p><p>Mit der Einigung zwischen Bundesinnenministerium und Bitkom sind die EVB-IT-Rahmenvereinbarung und das Tool zur Vertragserstellung EVB-IT digital live gegangen.</p>",
      "Language": "de",
      "Link": "https://www.heise.de/hintergrund/Digitalisierung-im-oeffentlichen-Sektor-Wie-EVB-IT-die-Regeln-aendert-10190257.html?wt_mc=rss.red.plus.plus.rdf.beitrag_plus.beitrag_plus"
    },
    {
      "FeedId": "https://www.heise.de/plus/",
      "ItemId": "http://heise.de/-10190445",
      "Title": "heise+ | Tastatur mit OLED-Displays bauen",
      "PublishDate": "2024-12-09T10:00:00+01:00",
      "Summary": "Mit Displays in den Keyboard-Tasten hat man Shortcuts im Blick. Kommerzielle Lösungen bieten kein ideales Schreibgefühl. Das freie-Projekt PolyKybd löst das.",
      "Content": "<p><a href=\"https://www.heise.de/ratgeber/Tastatur-mit-OLED-Displays-bauen-10190445.html?wt_mc=rss.red.plus.plus.rdf.beitrag_plus.beitrag_plus\"><img src=\"https://www.heise.de/scale/geometry/450/q80//imgs/18/4/7/5/8/4/4/6/polykybd_00_aufmacher_niwe_digital-4ca2f791725a08ea.jpeg\" class=\"webfeedsFeaturedVisual\" alt=\"\" /></a></p><p>Mit Displays in den Keyboard-Tasten hat man Shortcuts im Blick. Kommerzielle Lösungen bieten kein ideales Schreibgefühl. Das freie-Projekt PolyKybd löst das.</p>",
      "Language": "de",
      "Link": "https://www.heise.de/ratgeber/Tastatur-mit-OLED-Displays-bauen-10190445.html?wt_mc=rss.red.plus.plus.rdf.beitrag_plus.beitrag_plus"
    },
    {
      "FeedId": "https://www.heise.de/plus/",
      "ItemId": "http://heise.de/-10190567",
      "Title": "heise+ | Im Test: Raspberry Pi 500 im Tastaturgehäuse und Raspi-Monitor",
      "PublishDate": "2024-12-09T09:00:00+01:00",
      "Summary": "Der Raspi 500 ist ein Raspberry Pi 5 in einer Tastatur verbaut. Dazu passt das 15-Zoll-Display mit Klappständer. Beide taugen nicht nur für Raspi-Einsteiger.",
      "Content": "<p><a href=\"https://www.heise.de/tests/Im-Test-Raspberry-Pi-500-im-Tastaturgehaeuse-und-Raspi-Monitor-10190567.html?wt_mc=rss.red.plus.plus.rdf.beitrag_plus.beitrag_plus\"><img src=\"https://www.heise.de/scale/geometry/450/q80//imgs/18/4/7/5/8/5/1/0/a0941efb460ac3f7aec2352f0cbbb5c819a1b271baf832617b4064fe0c7e82eb_Kopie-c4b81703c68cce6b.jpeg\" class=\"webfeedsFeaturedVisual\" alt=\"\" /></a></p><p>Der Raspi 500 ist ein Raspberry Pi 5 in einer Tastatur verbaut. Dazu passt das 15-Zoll-Display mit Klappständer. Beide taugen nicht nur für Raspi-Einsteiger.</p>",
      "Language": "de",
      "Link": "https://www.heise.de/tests/Im-Test-Raspberry-Pi-500-im-Tastaturgehaeuse-und-Raspi-Monitor-10190567.html?wt_mc=rss.red.plus.plus.rdf.beitrag_plus.beitrag_plus"
    },
    {
      "FeedId": "https://www.heise.de/plus/",
      "ItemId": "http://heise.de/-10187995",
      "Title": "heise+ | Fotografie-Tipps: Das sind die Polarlichtspots rund um Tromsø in Norwegen",
      "PublishDate": "2024-12-09T08:00:00+01:00",
      "Summary": "Tromsø gilt nicht umsonst als die Polarlichthauptstadt Norwegens. Fotografin Katja Seidel gibt einen Einblick in ihre Lieblingsspots für die Polarlichtjagd.",
      "Content": "<p><a href=\"https://www.heise.de/ratgeber/Fotografie-Tipps-Das-sind-die-Polarlichtspots-rund-um-Tromso-in-Norwegen-10187995.html?wt_mc=rss.red.plus.plus.rdf.beitrag_plus.beitrag_plus\"><img src=\"https://www.heise.de/scale/geometry/450/q80//imgs/18/4/7/5/7/1/6/1/df_0724_tromso_aufmacher_digital-87ef534cd7d11cc3.jpeg\" class=\"webfeedsFeaturedVisual\" alt=\"\" /></a></p><p>Tromsø gilt nicht umsonst als die Polarlichthauptstadt Norwegens. Fotografin Katja Seidel gibt einen Einblick in ihre Lieblingsspots für die Polarlichtjagd.</p>",
      "Language": "de",
      "Link": "https://www.heise.de/ratgeber/Fotografie-Tipps-Das-sind-die-Polarlichtspots-rund-um-Tromso-in-Norwegen-10187995.html?wt_mc=rss.red.plus.plus.rdf.beitrag_plus.beitrag_plus"
    },
    {
      "FeedId": "https://www.heise.de/plus/",
      "ItemId": "http://heise.de/-10190666",
      "Title": "heise+ | Mini Aceman SE im Test: Kleines E-SUV bietet reichlich Fahrfreude",
      "PublishDate": "2024-12-09T06:50:00+01:00",
      "Summary": "Der Aceman ist agil, klein, aber variabel und mit einem spürbaren Plus an Platz. Selbst der Preis ist nicht abgehoben. Nur die Batterie dürfte noch größer sein.",
      "Content": "<p><a href=\"https://www.heise.de/tests/Mini-Aceman-SE-im-Test-Kleines-E-SUV-bietet-reichlich-Fahrfreude-10190666.html?wt_mc=rss.red.plus.plus.rdf.beitrag_plus.beitrag_plus\"><img src=\"https://www.heise.de/scale/geometry/450/q80//imgs/18/4/7/5/8/5/6/2/ACE13-845d53946f7bea88.jpeg\" class=\"webfeedsFeaturedVisual\" alt=\"\" /></a></p><p>Der Aceman ist agil, klein, aber variabel und mit einem spürbaren Plus an Platz. Selbst der Preis ist nicht abgehoben. Nur die Batterie dürfte noch größer sein.</p>",
      "Language": "de",
      "Link": "https://www.heise.de/tests/Mini-Aceman-SE-im-Test-Kleines-E-SUV-bietet-reichlich-Fahrfreude-10190666.html?wt_mc=rss.red.plus.plus.rdf.beitrag_plus.beitrag_plus"
    },
    {
      "FeedId": "https://www.heise.de/plus/",
      "ItemId": "http://heise.de/-10190364",
      "Title": "heise+ | Gehaltsreport 2024: Das verdienen IT-Fachkräfte in Deutschland",
      "PublishDate": "2024-12-06T16:07:00+01:00",
      "Summary": "Entwickler, SAP-Berater, Admin: Wie gut wird Ihr IT-Job bezahlt? Wir zeigen, wie hoch das Gehalt in der IT-Branche 2024 ausfällt.",
      "Content": "<p><a href=\"https://www.heise.de/hintergrund/Gehaltsreport-2024-Das-verdienen-IT-Fachkraefte-in-Deutschland-10190364.html?wt_mc=rss.red.plus.plus.rdf.beitrag_plus.beitrag_plus\"><img src=\"https://www.heise.de/scale/geometry/450/q80//imgs/18/4/7/5/8/4/0/2/Aufmacher-report-aa6df7858386ee5a.png\" class=\"webfeedsFeaturedVisual\" alt=\"\" /></a></p><p>Entwickler, SAP-Berater, Admin: Wie gut wird Ihr IT-Job bezahlt? Wir zeigen, wie hoch das Gehalt in der IT-Branche 2024 ausfällt.</p>",
      "Language": "de",
      "Link": "https://www.heise.de/hintergrund/Gehaltsreport-2024-Das-verdienen-IT-Fachkraefte-in-Deutschland-10190364.html?wt_mc=rss.red.plus.plus.rdf.beitrag_plus.beitrag_plus"
    },
    {
      "FeedId": "https://www.heise.de/plus/",
      "ItemId": "http://heise.de/-10187960",
      "Title": "heise+ | Fit durch den Winter: Apps fürs Indoor-Radfahren mit einem Smart Trainer",
      "PublishDate": "2024-12-06T15:00:00+01:00",
      "Summary": "Auch zu Hause kann man radeln, nämlich mit einem Smart Trainer und einer App wie Zwift, Rouvy, Systm oder TrainerRoad. Wir sortieren für Sie das Angebot.",
      "Content": "<p><a href=\"https://www.heise.de/tests/Fit-durch-den-Winter-Apps-fuers-Indoor-Radfahren-mit-einem-Smart-Trainer-10187960.html?wt_mc=rss.red.plus.plus.rdf.beitrag_plus.beitrag_plus\"><img src=\"https://www.heise.de/scale/geometry/450/q80//imgs/18/4/7/5/7/1/4/2/FahrradChristan_131223-cwo_EXTRA_mibu_frei_digital_Kopie-a4f5d3f34985c8a6.jpeg\" class=\"webfeedsFeaturedVisual\" alt=\"\" /></a></p><p>Auch zu Hause kann man radeln, nämlich mit einem Smart Trainer und einer App wie Zwift, Rouvy, Systm oder TrainerRoad. Wir sortieren für Sie das Angebot.</p>",
      "Language": "de",
      "Link": "https://www.heise.de/tests/Fit-durch-den-Winter-Apps-fuers-Indoor-Radfahren-mit-einem-Smart-Trainer-10187960.html?wt_mc=rss.red.plus.plus.rdf.beitrag_plus.beitrag_plus"
    },
    {
      "FeedId": "https://www.heise.de/plus/",
      "ItemId": "http://heise.de/-9766294",
      "Title": "heise+ | Tageslichtwecker im Test: Sanft aufwachen mit künstlicher Sonne",
      "PublishDate": "2024-12-06T14:13:00+01:00",
      "Summary": "In der dunklen Jahreszeit sollen Tageslichtwecker beim Aufwachen helfen. Wir testen fünf Modelle von Lumie, Philips, Beurer und Domigard. ",
      "Content": "<p><a href=\"https://www.heise.de/tests/Tageslichtwecker-im-Test-Sanft-aufwachen-mit-kuenstlicher-Sonne-9766294.html?wt_mc=rss.red.plus.plus.rdf.beitrag_plus.beitrag_plus\"><img src=\"https://www.heise.de/scale/geometry/450/q80//imgs/18/4/6/1/5/4/8/5/Tageslichtwecker_Aufmacher-61a8da9ecdc45e0a.png\" class=\"webfeedsFeaturedVisual\" alt=\"\" /></a></p><p>In der dunklen Jahreszeit sollen Tageslichtwecker beim Aufwachen helfen. Wir testen fünf Modelle von Lumie, Philips, Beurer und Domigard. </p>",
      "Language": "de",
      "Link": "https://www.heise.de/tests/Tageslichtwecker-im-Test-Sanft-aufwachen-mit-kuenstlicher-Sonne-9766294.html?wt_mc=rss.red.plus.plus.rdf.beitrag_plus.beitrag_plus"
    },
    {
      "FeedId": "https://www.heise.de/plus/",
      "ItemId": "http://heise.de/-10190087",
      "Title": "heise+ | heise+ Update vom 06. Dezember 2024: Lesetipps zum Wochenende",
      "PublishDate": "2024-12-06T12:00:00+01:00",
      "Summary": "Der wöchentliche Newsletter von heise+: Smarte Weihnachtsbeleuchtung, Tageslichtwecker selber bauen, Spiel programmieren, Elektroauto-Akkus und ihre Reichweite.",
      "Content": "<p><a href=\"https://www.heise.de/meinung/heise-Update-vom-06-Dezember-2024-Lesetipps-zum-Wochenende-10190087.html?wt_mc=rss.red.plus.plus.rdf.beitrag_plus.beitrag_plus\"><img src=\"https://www.heise.de/scale/geometry/450/q80//imgs/18/4/7/5/8/2/5/9/heiseplus_red-update_1700x955px_martin-a2a9378b19fbd2d9.png\" class=\"webfeedsFeaturedVisual\" alt=\"\" /></a></p><p>Der wöchentliche Newsletter von heise+: Smarte Weihnachtsbeleuchtung, Tageslichtwecker selber bauen, Spiel programmieren, Elektroauto-Akkus und ihre Reichweite.</p>",
      "Language": "de",
      "Link": "https://www.heise.de/meinung/heise-Update-vom-06-Dezember-2024-Lesetipps-zum-Wochenende-10190087.html?wt_mc=rss.red.plus.plus.rdf.beitrag_plus.beitrag_plus"
    },
    {
      "FeedId": "https://www.heise.de/plus/",
      "ItemId": "http://heise.de/-9996989",
      "Title": "heise+ | Flight Simulator 2024 optimal einstellen: Der große Tuning-Guide",
      "PublishDate": "2024-12-06T11:48:00+01:00",
      "Summary": "Der Flight Simulator 2024 sieht wunderschön aus, braucht aber viel Leistung. Wir zeigen, wie Sie die Performance optimieren, ohne dass die Optik leidet.",
      "Content": "<p><a href=\"https://www.heise.de/ratgeber/Flight-Simulator-2024-optimal-einstellen-Der-grosse-Tuning-Guide-9996989.html?wt_mc=rss.red.plus.plus.rdf.beitrag_plus.beitrag_plus\"><img src=\"https://www.heise.de/scale/geometry/450/q80//imgs/18/4/6/9/7/5/0/4/2024-11-21-01-10-48-95f4397f590dc58d.png\" class=\"webfeedsFeaturedVisual\" alt=\"\" /></a></p><p>Der Flight Simulator 2024 sieht wunderschön aus, braucht aber viel Leistung. Wir zeigen, wie Sie die Performance optimieren, ohne dass die Optik leidet.</p>",
      "Language": "de",
      "Link": "https://www.heise.de/ratgeber/Flight-Simulator-2024-optimal-einstellen-Der-grosse-Tuning-Guide-9996989.html?wt_mc=rss.red.plus.plus.rdf.beitrag_plus.beitrag_plus"
    },
    {
      "FeedId": "https://www.heise.de/plus/",
      "ItemId": "http://heise.de/-10186040",
      "Title": "heise+ | Smarte Energie-Infotafel im Eigenbau: LED-Matrix-Uhr \"HoDi\"",
      "PublishDate": "2024-12-06T10:00:00+01:00",
      "Summary": "Smarte Energie-Infotafel: Dank einer LED-Matrix-Uhr mit ESP32 verstehen Sie Ihren Stromverbrauch und die Produktion Ihrer PV-Anlage samt Tibber-Preisen.",
      "Content": "<p><a href=\"https://www.heise.de/ratgeber/Smarte-Energie-Infotafel-im-Eigenbau-LED-Matrix-Uhr-HoDi-10186040.html?wt_mc=rss.red.plus.plus.rdf.beitrag_plus.beitrag_plus\"><img src=\"https://www.heise.de/scale/geometry/450/q80//imgs/18/4/7/5/6/1/1/9/hodi_00_aufmacher_niwe_digital-3a8fbf3ffdbbc500.jpeg\" class=\"webfeedsFeaturedVisual\" alt=\"\" /></a></p><p>Smarte Energie-Infotafel: Dank einer LED-Matrix-Uhr mit ESP32 verstehen Sie Ihren Stromverbrauch und die Produktion Ihrer PV-Anlage samt Tibber-Preisen.</p>",
      "Language": "de",
      "Link": "https://www.heise.de/ratgeber/Smarte-Energie-Infotafel-im-Eigenbau-LED-Matrix-Uhr-HoDi-10186040.html?wt_mc=rss.red.plus.plus.rdf.beitrag_plus.beitrag_plus"
    },
    {
      "FeedId": "https://www.heise.de/plus/",
      "ItemId": "http://heise.de/-10186460",
      "Title": "heise+ | Software-defined Storage: Ceph 19.2 \"Squid\" im Test",
      "PublishDate": "2024-12-06T10:00:00+01:00",
      "Summary": "Mit der Version 19.2 ist Ceph Squid nun für den produktiven Betrieb freigegeben. Neuerungen gibt es beim Objektspeicher RADOS, bei den Frontends und den Tools.",
      "Content": "<p><a href=\"https://www.heise.de/tests/Software-defined-Storage-Ceph-19-2-Squid-im-Test-10186460.html?wt_mc=rss.red.plus.plus.rdf.beitrag_plus.beitrag_plus\"><img src=\"https://www.heise.de/scale/geometry/450/q80//imgs/18/4/7/5/6/3/4/3/aufmacher_ceph19_squid-aeda998fbdb62db1.png\" class=\"webfeedsFeaturedVisual\" alt=\"\" /></a></p><p>Mit der Version 19.2 ist Ceph Squid nun für den produktiven Betrieb freigegeben. Neuerungen gibt es beim Objektspeicher RADOS, bei den Frontends und den Tools.</p>",
      "Language": "de",
      "Link": "https://www.heise.de/tests/Software-defined-Storage-Ceph-19-2-Squid-im-Test-10186460.html?wt_mc=rss.red.plus.plus.rdf.beitrag_plus.beitrag_plus"
    },
    {
      "FeedId": "https://www.heise.de/plus/",
      "ItemId": "http://heise.de/-10189175",
      "Title": "heise+ | WordPress 6.7: Moderne Websites besonders einfach bauen",
      "PublishDate": "2024-12-06T09:32:00+01:00",
      "Summary": "Das neue Standard-Theme von WordPress 6.7 heißt \"Twenty Twenty-Five\". Mit ihm gestalten selbst Anfänger eine moderne Website an einem Nachmittag.",
      "Content": "<p><a href=\"https://www.heise.de/ratgeber/WordPress-6-7-Moderne-Websites-besonders-einfach-bauen-10189175.html?wt_mc=rss.red.plus.plus.rdf.beitrag_plus.beitrag_plus\"><img src=\"https://www.heise.de/scale/geometry/450/q80//imgs/18/4/7/5/7/7/7/9/0-aufmacher-wp-dbe-bb24c44d2ce198d4.jpeg\" class=\"webfeedsFeaturedVisual\" alt=\"\" /></a></p><p>Das neue Standard-Theme von WordPress 6.7 heißt \"Twenty Twenty-Five\". Mit ihm gestalten selbst Anfänger eine moderne Website an einem Nachmittag.</p>",
      "Language": "de",
      "Link": "https://www.heise.de/ratgeber/WordPress-6-7-Moderne-Websites-besonders-einfach-bauen-10189175.html?wt_mc=rss.red.plus.plus.rdf.beitrag_plus.beitrag_plus"
    },
    {
      "FeedId": "https://www.heise.de/plus/",
      "ItemId": "http://heise.de/-9994195",
      "Title": "heise+ | Ein Jump 'n' Run entwickeln: Mit Roblox Programmieren lernen",
      "PublishDate": "2024-12-05T19:15:00+01:00",
      "Summary": "Spieler programmieren auf der Plattform Roblox eigene Level. Wir zeigen Programmiereinsteigern, wie sie mit der Sprache Luau ein Jump 'n' Run gestalten.",
      "Content": "<p><a href=\"https://www.heise.de/ratgeber/Ein-Jump-n-Run-entwickeln-Mit-Roblox-Programmieren-lernen-9994195.html?wt_mc=rss.red.plus.plus.rdf.beitrag_plus.beitrag_plus\"><img src=\"https://www.heise.de/scale/geometry/450/q80//imgs/18/4/6/9/6/0/7/1/aufmacherbild-hintergrund-1_1-ab1ccdb258c45d03.jpeg\" class=\"webfeedsFeaturedVisual\" alt=\"\" /></a></p><p>Spieler programmieren auf der Plattform Roblox eigene Level. Wir zeigen Programmiereinsteigern, wie sie mit der Sprache Luau ein Jump 'n' Run gestalten.</p>",
      "Language": "de",
      "Link": "https://www.heise.de/ratgeber/Ein-Jump-n-Run-entwickeln-Mit-Roblox-Programmieren-lernen-9994195.html?wt_mc=rss.red.plus.plus.rdf.beitrag_plus.beitrag_plus"
    }
  ]
}
