Fernsehen dominiert noch immer in Deutschland, aber Streaming legt zu

Die gfu hat sich in einer aktuellen Umfrage angeschaut, wie es um den Streaming- und TV-Markt in Deutschland so bestellt ist. Anlass war dabei auch der Welttag des Fernsehens – der 21. November. Befragt hat man dafür 1.000 in Deutschland...Zum Beitrag: Fernsehen dominiert noch immer in Deutschland, aber Streaming legt zu

Zum Blog: Caschys Blog


Du kannst uns mit jedem deiner Käufe über Ama...
---
https://stadt-bremerhaven.de/fernsehen-dominiert-noch-immer-in-deutschland-aber-streaming-legt-zu/
