Root Access with Unconditional Fully-Managed Support: Hosting Unlike Any Other

Good, fast, cheap. Pick two! This popular phrase is often used throughout agencies when client expectations unrealistically want all three. ... 
Read More
The post Root Access with Unconditional Fully-Managed Support: Hosting Unlike Any Other appeared first on RoseHosting.
---
https://www.rosehosting.com/blog/root-access/
