Das neue fernglas ist da

Die aktuelle Ausgabe steht im Zeichen des Jubiläums „50 Jahre FernUni”. Wir nehmen Sie mit auf eine Zeitreise.
---
https://www.fernuni-hagen.de/universitaet/aktuelles/2024/11/neues-fernglas-2024.shtml
