Zwei Menschen schwer verletzt: Autofahrer fährt in Zingsheim in Fußgänger und Kinderwagen

Bei einem Unfall in Nettersheim-Zingsheim sind zwei Menschen lebensbedrohlich verletzt worden. Ein Kleinkind überstand die Kollision unverletzt.
---
https://www.ksta.de/region/euskirchen-eifel/nettersheim/nettersheim-zwei-menschen-bei-unfall-in-zingsheim-schwer-verletzt-917189
