{
  "Language": "de",
  "Visibility": "Public",
  "Status": "Der Schelm Nasreddin Hoca: Humorist der islamische..."
}
