Mercedes-Chef fordert strengere Prüfungen bei Krankmeldungen: "Es darf nicht so einfach sein"

Mercedes-Chef Ola Källenius kritisiert das Verfahren der Krankschreibungen in Deutschland und den hohen Krankenstand in deutschen Werken.
---
https://www.businessinsider.de/wirtschaft/mercedes-chef-fordert-strengere-pruefungen-bei-krankmeldungen-es-darf-nicht-so-einfach-sein/?tpcc=offsite_rss
