The month of 'What the Heck?!' 2024

TL;DR: For all of December 🎄, we are opening up to share any issue, idea,
suggestion, or annoyance you have with Home Assistant
on our community forums!
Welcome to the month of “What the heck?!”: Third edition
It’s back! 🎉 We are thrilled to announce the third edition of the month
of “What the heck?!” (WTH for short). Every two years, we take the time to
pause, listen, and dive deep into the little things that maybe you go...
---
https://www.home-assistant.io/blog/2024/11/30/the-month-of-what-the-heck/
