Mit (Weiter-)Bildung gegen Antisemitismus

Beim Berliner Symposium wurde deutlich, wie wichtig gezielte Bildungsmaßnahmen sind, um Antisemitismus nachhaltig entgegenzuwirken, Vorurteile abzubauen und Empathie zu stärken.
---
https://www.fernuni-hagen.de/universitaet/aktuelles/2024/11/berliner-symposium.shtml
