{
  "Language": "en-US",
  "Visibility": "Public",
  "Status": "How to Install and Use Vuls Vulnerability Scanner ..."
}
