{
  "Language": "de",
  "Visibility": "Public",
  "Status": "Wissen gegen die Angst: Ein Blick in den genetisch..."
}
