heise+ | Wazuh: Freie Sicherheitsplattform im Einsatz

Wazuh bietet Monitoring, XDR und SIEM ohne Lizenzkosten, die Vielzahl der Funktionen erschwert den Einstieg. Wir zeigen, wie man die IT-Infrastruktur schützt.
---
https://www.heise.de/ratgeber/Wazuh-Freie-Sicherheitsplattform-im-Einsatz-10188835.html?wt_mc=rss.red.plus.plus.rdf.beitrag_plus.beitrag_plus
