{
  "Language": "en-US",
  "Visibility": "Public",
  "Status": "AI-Powered Insights: Streamlining Variable Analysi..."
}
