Sport-Vorschau: Nachsitzen abgesagt: Nachholspiel des SC Wißkirchen gegen Sindorf fällt aus

In Bad Münstereifel haben die Erftbaskets Heimspiele. Die zweite Mannschaft der Volleyballerinnen aus Marmagen spielt in Urft.
---
https://www.ksta.de/region/euskirchen-eifel/euskirchen-lokalsport/sport-vorschau-nachholspiel-des-sc-wisskirchen-faellt-aus-920536
