{
  "raw__": "Ich gehe davon aus, dass jeder von euch mindestens einen der Viren-Zombieklassiker, zum Beispiel „28 Days Later“ oder „I Am Legend“, gesehen hat. Und egal wie Hollywood-like die Umsetzung dieser Filme sein mag, das...\nThe post Apokalypse-Virus: Hollywood oder Realität? first appeared on BioinfoWelten.\n---\nhttp://bioinfowelten.uni-jena.de/2019/06/26/apokalypse-virus-hollywood-oder-realitaet/",
  "split": "Apokalypse-Virus: Hollywood oder Realität?\n\nIch gehe davon aus, dass jeder von euch mindestens einen der Viren-Zombieklassiker, zum Beispiel „28 Days Later“ oder „I Am Legend“, gesehen hat. Und egal wie Hollywood-like die Umsetzung dieser Filme sein mag, das...\n---\nhttp://bioinfowelten.uni-jena.de/2019/06/26/apokalypse-virus-hollywood-oder-realitaet/"
}
