{
  "raw__": "Daimler Truck erhält Millionen-Förderung für Brennstoffzellen-Lkw\n\nDie Wasserstoff-Lkw sollen im Mercedes-Benz Werk Wörth aufgebaut werden und ab Ende 2026 bei Kunden in den Einsatz gehen.\nDer Beitrag Daimler Truck erhält Millionen-Förderung für Brennstoffzellen-Lkw erschien zuerst auf Elektroauto-News.net.\n---\nhttps://www.elektroauto-news.net/news/daimler-truck-wasserstoff-foerderung",
  "split": "Daimler Truck erhält Millionen-Förderung für Brennstoffzellen-Lkw\n\nDie Wasserstoff-Lkw sollen im Mercedes-Benz Werk Wörth aufgebaut werden und ab Ende 2026 bei Kunden in den Einsatz gehen....\n---\nhttps://www.elektroauto-news.net/news/daimler-truck-wasserstoff-foerderung"
}
