Tesla Supercharger in North Vancouver now open [British Columbia]

Tesla has brought some much needed, and long awaited, Supercharger capacity to North Vancouver, British Columbia, opening a brand new 20-stall station at 801 Marine Drive. Tesla first started construction of the North Vancouver Supercharger ...
---
https://driveteslacanada.ca/news/tesla-supercharger-in-north-vancouver-now-open-british-columbia/?utm_source=rss&utm_medium=rss&utm_campaign=tesla-supercharger-in-north-vancouver-now-open-british-columbia
