{
  "raw__": "Einer der schönsten Aspekte eines gemeinsamen Hobbys ist es, sich mit Gleichgesinnten darüber auszustauschen. Auch unabhängig von News, Angeboten oder Reviews gibt es viele LEGO Themen, über die man trefflich philosophieren kann, und genau dafür [...]\nDer Beitrag StoneWars Smalltalk: Macht mehr aus LEGO Technic! erschien zuerst auf StoneWars.\n---\nhttps://www.stonewars.de/kommentare/stonewars-smalltalk-technic/",
  "split": "StoneWars Smalltalk: Macht mehr aus LEGO Technic!\n\nEiner der schönsten Aspekte eines gemeinsamen Hobbys ist es, sich mit Gleichgesinnten darüber auszustauschen. Auch unabhängig von News, Angeboten oder Reviews gibt es viele LEGO Themen, über die man trefflich philosophieren kann, und genau dafür ...\n---\nhttps://www.stonewars.de/kommentare/stonewars-smalltalk-technic/"
}
