How to Install Zabbix on Ubuntu 24.04

Zabbix is a free and open-source monitoring solution for IT infrastructure. It allows you to monitor networks, servers, virtual machines, and cloud services.
---
https://www.howtoforge.com/how-to-install-zabbix-on-ubuntu-24-04/
