{
  "Language": "en-US",
  "Visibility": "Public",
  "Status": "Tesla fails to get “phantom braking” case dismisse..."
}
