{
  "Language": "en-US",
  "Visibility": "Public",
  "Status": "I Built an INSANE Surround Sound Setup for Under $..."
}
