StoneWars Adventskalender 2024, Tag 15: T-Kombis

Das gestrige Audio-Memory stellte gewissermaßen eine Verschnaufpause dar, heute wird es wieder etwas kniffliger. Aber keine Sorge: Es geht bei den „T-Kombis“ nicht etwa um Fahrzeug-Modelle von Mercedes Benz, sondern um die Anzahl an Möglichkeiten, [...]
Der Beitrag StoneWars Adventskalender 2024, Tag 15: T-Kombis erschien zuerst auf StoneWars.
---
https://www.stonewars.de/gewinnspiele/stonewars-adventskalender-2024-tag-15/
