Audible: Hörbuch-Angebot aktuell wieder besonders günstig

Hörbuch-Fans und solche, die es vielleicht werden wollen, bekommen derzeit wieder ein Audible-Angebot. So zahlt man für ein Schnupperabo von 3 Monaten pro Monat jeweils 99 Cent. Normalerweise zahlt man 9,95 Euro im Monat für Audible. Das Angebot gilt laut Amazon nur...
---
https://stadt-bremerhaven.de/audible-hoerbuch-angebot-derzeit-wieder-besonders-guenstig/
