{
  "raw__": "Vor der CES 2025 in Las Vegas hat LG noch eben zwei Beamer vorgestellt. Der Elektronikkonzern stellt mit dem PF600U und dem CineBeam S zwei Geräte vor, die sich durch besondere Vielseitigkeit und kompakte Bauweise auszeichnen sollen. Der PF600U vereint...Zum Beitrag: LGs neue Beamer arbeiten auch als Lampe\n\nZum Blog: Caschys Blog\n\n\nDu kannst uns mit jedem deiner Käufe über Amazon unterstützen. Dein Preis bleibt gleich, w...\n---\nhttps://stadt-bremerhaven.de/lgs-neue-beamer-arbeiten-auch-als-lampe/",
  "split": "LGs neue Beamer arbeiten auch als Lampe\n\nVor der CES 2025 in Las Vegas hat LG noch eben zwei Beamer vorgestellt. Der Elektronikkonzern stellt mit dem PF600U und dem CineBeam S zwei Geräte vor, die sich durch besondere Vielseitigkeit und kompakte Bauweise auszeichnen sollen. Der PF600U vereint...\n---\nhttps://stadt-bremerhaven.de/lgs-neue-beamer-arbeiten-auch-als-lampe/"
}
