{
  "Language": "de-DE",
  "Visibility": "Public",
  "Status": "Durch Taylor Swift kamen meine Teenie-Tochter und ..."
}
