{
  "Language": "de",
  "Visibility": "Public",
  "Status": "Neuer eBike-Finder von Bosch eBike Systems..."
}
