Meine PV-Anlage hat über 100 MWh Energie produziert – ein paar Gedanken dazu

In den letzten Tagen hat unsere PV-Anlage eine Gesamtproduktion von 100 MWh erneuerbarer Energie erreicht, beziehungsweise überschritten. Das ist definitiv ein Beitrag Wert, ein Projekt das im 2017 gestartet hatte mit dem Bau einer PV-Anlage auf dem Hausdach mit 9.28 kWp Leistung. Das war der Anfang von einem Projekt, das unerwartet Ausmasse annahm und mit ...
---
https://technikblog.ch/2024/12/meine-pv-anlage-hat-ueber-100-mwh-energie-produziert-ein-paar-gedanken-dazu/
