{
  "Language": "en-US",
  "Visibility": "Public",
  "Status": "Visual Studio Devs Demand Claude 3.5 Sonnet AI: 'W..."
}
