AI-Powered Insights: Streamlining Variable Analysis with GitHub Copilot in Visual Studio

Tired of spending countless hours troubleshooting errors and unexpected values in your code? Visual Studio 2022 introduces GitHub Copilot Variable Analysis. This powerful tool makes inspecting and analyzing variables from Locals, Autos, watch windows and DataTips effortless, helping you solve issues faster and cutting down on time and frustration. Enhanced Debugging Experi...
---
https://devblogs.microsoft.com/visualstudio/ai-powered-insights-streamlining-variable-analysis-with-github-copilot-in-visual-studio/
