[
  {
    "itemId": "https://www.elektroauto-news.net/?p=165947",
    "raw": "Autohersteller entdecken die Art Miami: Ein völlig anderes Leben",
    "sanitized": "Autohersteller entdecken die Art Miami: Ein völlig anderes Leben"
  },
  {
    "itemId": "https://www.elektroauto-news.net/?p=165929",
    "raw": "Tankstelle, Parkhaus, Arbeitsplatz: Wo E-Autofahrer laden möchten",
    "sanitized": "Tankstelle, Parkhaus, Arbeitsplatz: Wo E-Autofahrer laden möchten"
  },
  {
    "itemId": "https://www.elektroauto-news.net/?p=165912",
    "raw": "SPD-Chefin zu VW: Kein Sparen auf Kosten der Beschäftigten",
    "sanitized": "SPD-Chefin zu VW: Kein Sparen auf Kosten der Beschäftigten"
  },
  {
    "itemId": "https://www.elektroauto-news.net/?p=165869",
    "raw": "Erste Testfahrt im Skoda Elroq: Gelungener Systemwechsel",
    "sanitized": "Erste Testfahrt im Skoda Elroq: Gelungener Systemwechsel"
  },
  {
    "itemId": "https://www.elektroauto-news.net/?p=165889",
    "raw": "BMW-Chef Zipse fordert Technologieoffenheit für Europa",
    "sanitized": "BMW-Chef Zipse fordert Technologieoffenheit für Europa"
  },
  {
    "itemId": "https://www.elektroauto-news.net/?p=165681",
    "raw": "Duell der E-Crossover: Kia EV6 gegen Cupra Tavascan",
    "sanitized": "Duell der E-Crossover: Kia EV6 gegen Cupra Tavascan"
  },
  {
    "itemId": "https://www.elektroauto-news.net/?p=165801",
    "raw": "Mahindra: Zwei Elektro-Crossover für den indischen Markt",
    "sanitized": "Mahindra: Zwei Elektro-Crossover für den indischen Markt"
  },
  {
    "itemId": "https://www.elektroauto-news.net/?p=165812",
    "raw": "Produktion des Polestar 3 Long Range in den USA beginnt",
    "sanitized": "Produktion des Polestar 3 Long Range in den USA beginnt"
  },
  {
    "itemId": "https://www.elektroauto-news.net/?p=165853",
    "raw": "Chinas Elektroauto-Markt wächst im November durchwachsen",
    "sanitized": "Chinas Elektroauto-Markt wächst im November durchwachsen"
  },
  {
    "itemId": "https://www.elektroauto-news.net/?p=165820",
    "raw": "Stellantis will Lithium-Schwefel-Batterien für E-Autos 2030 marktreif haben",
    "sanitized": "Stellantis will Lithium-Schwefel-Batterien für E-Autos 2030 marktreif haben"
  },
  {
    "itemId": "https://www.elektroauto-news.net/?p=165809",
    "raw": "Preiskampf belastet GM und SAIC Joint-Venture in China",
    "sanitized": "Preiskampf belastet GM und SAIC Joint-Venture in China"
  },
  {
    "itemId": "https://www.elektroauto-news.net/?p=161516",
    "raw": "Einride: Wie Elektro-Lkw die Logistik maßgeblich verändern",
    "sanitized": "Einride: Wie Elektro-Lkw die Logistik maßgeblich verändern"
  },
  {
    "itemId": "https://www.elektroauto-news.net/?p=165843",
    "raw": "Opel Frontera im Test: Knapp kalkuliertes Elektro-SUV",
    "sanitized": "Opel Frontera im Test: Knapp kalkuliertes Elektro-SUV"
  },
  {
    "itemId": "https://www.elektroauto-news.net/?p=165822",
    "raw": "Wie entwickelt sich die internationale Wasserstoffwirtschaft?",
    "sanitized": "Wie entwickelt sich die internationale Wasserstoffwirtschaft?"
  },
  {
    "itemId": "https://www.elektroauto-news.net/?p=165613",
    "raw": "Recycling: Wie können Batterien wiederverwendet werden?",
    "sanitized": "Recycling: Wie können Batterien wiederverwendet werden?"
  },
  {
    "itemId": "https://www.elektroauto-news.net/?p=165830",
    "raw": "Der Automobilindustrie droht ein dramatischer Stellenabbau",
    "sanitized": "Der Automobilindustrie droht ein dramatischer Stellenabbau"
  },
  {
    "itemId": "https://www.elektroauto-news.net/?p=165856",
    "raw": "Hyundai Inster ab 21.100 Euro. Aber nicht in Deutschland",
    "sanitized": "Hyundai Inster ab 21.100 Euro. Aber nicht in Deutschland"
  },
  {
    "itemId": "https://www.elektroauto-news.net/?p=165763",
    "raw": "Hybrid-Bus oder Elektro-Buzz? Große Vans im direkten Duell",
    "sanitized": "Hybrid-Bus oder Elektro-Buzz? Große Vans im direkten Duell"
  }
]
