{
  "raw__": "Zum Verkaufsstart des Cybertrucks in China sind erneut Gerüchte aufgetaucht. Tesla verneint eine Einführung seines Elektroautos Anfang Januar.\nDer Beitrag Tesla dementiert Start des Cybertruck in China erschien zuerst auf Elektroauto-News.net.\n---\nhttps://www.elektroauto-news.net/news/tesla-dementiert-start-cybertruck-china",
  "split": "Tesla dementiert Start des Cybertruck in China\n\nZum Verkaufsstart des Cybertrucks in China sind erneut Gerüchte aufgetaucht. Tesla verneint eine Einführung seines Elektroautos Anfang Januar....\n---\nhttps://www.elektroauto-news.net/news/tesla-dementiert-start-cybertruck-china"
}
