heise+ | Smartes Teleskop für Astrofotografie im Test: Celestron Origin

Celestron bringt ein smartes Teleskop heraus: Origin geht verglichen mit den vollintegrierten Geräten der Konkurrenz neue Wege. Wir haben es getestet.
---
https://www.heise.de/tests/Smartes-Teleskop-fuer-Astrofotografie-im-Test-Celestron-Origin-10219037.html?wt_mc=rss.red.plus.plus.rdf.beitrag_plus.beitrag_plus
