{
  "feedId": "https://www.dkriesel.com/",
  "raw": "",
  "sanitized": ""
}
