{
  "Language": "de",
  "Visibility": "Public",
  "Status": "Kommentar: Eine geschmacklose Migrationsdebatte..."
}
