Spendenaktion von Netto – Wir sind dabei!

Wir haben es geschafft und sind als Spendenpartner bei „Bring dich ein für deinen Verein“ dabei. Dies ist uns nur gelungen, weil ihr euch so zahlreich für den roots at eifel e. V. eingebracht und für uns votiert habt.
---
https://www.roots-at-eifel.net/spendenaktion-von-netto-wir-sind-dabei/
