{
  "Language": "en-us",
  "Visibility": "Public",
  "Status": "RT by @JLMelenchon: 🔴753 morts au #travail en Fra..."
}
