Start ins Chaos: Konferenz zur Rechtschreibreform (22.11.1994)

Groß, klein, zusammen, getrennt - die deutsche Rechtschreibung ist voller Fallstricke. Mit einer Reform sollte sie vereinheitlicht und vereinfacht werden - mit gemischtem Erfolg. Von Christian Kosfeld.
---
https://www1.wdr.de/mediathek/audio/zeitzeichen/audio-start-ins-chaos-konferenz-zur-rechtschreibreform--100.html
