[
  {
    "itemId": "https://www.alltagsforschung.de/?p=16596",
    "raw": "Viele Gespräche mit Unbekannten beginnen mit derselben Frage: „Und, was machen Sie beruflich?“ Kann man machen, erzeugt beim Gegenüber aber negative Gefühle. Dabei sind gute Einstiege für Deep Talk gar nicht so schwierig. Bequemlichkeit, Verlegenheit oder einfach Routine? Man weiß nicht genau warum, aber Fakt ist: Viele Gespräche mit Unbekannten beginnen mit derselben Frage: „Und,...",
    "sanitized": "Viele Gespräche mit Unbekannten beginnen mit derselben Frage: „Und, was machen Sie beruflich?“ Kann man machen, erzeugt beim Gegenüber aber negative Gefühle. Dabei sind gute Einstiege für Deep Talk gar nicht so schwierig. Bequemlichkeit, Verlegenheit oder einfach Routine? Man weiß nicht genau warum, aber Fakt ist: Viele Gespräche mit Unbekannten beginnen mit derselben Frage: „Und,..."
  },
  {
    "itemId": "https://www.alltagsforschung.de/?p=16591",
    "raw": "Menschen fühlen sich häufig verpflichtet, jede E-Mail sofort zu beantworten &#8211; weil sie glauben, dass der Absender eine schnelle Reaktion erwartet. Dabei stimmt das gar nicht. Keine Frage: Technologien wie E-Mails und Instant-Messaging-Programme machen es wesentlich leichter, mit Kollegen zu kommunizieren. Doch diese Leichtigkeit verändert gleichzeitig die Erwartungshaltung: Weil so eine digitale Nachricht schnell getippt...",
    "sanitized": "Menschen fühlen sich häufig verpflichtet, jede E-Mail sofort zu beantworten – weil sie glauben, dass der Absender eine schnelle Reaktion erwartet. Dabei stimmt das gar nicht. Keine Frage: Technologien wie E-Mails und Instant-Messaging-Programme machen es wesentlich leichter, mit Kollegen zu kommunizieren. Doch diese Leichtigkeit verändert gleichzeitig die Erwartungshaltung: Weil so eine digitale Nachricht schnell getippt..."
  },
  {
    "itemId": "https://www.alltagsforschung.de/?p=16587",
    "raw": "Viele Menschen scheuen sich davor, eine Deadline nach hinten zu verschieben – weil sie einer Illusion unterliegen.",
    "sanitized": "Viele Menschen scheuen sich davor, eine Deadline nach hinten zu verschieben – weil sie einer Illusion unterliegen."
  },
  {
    "itemId": "https://www.alltagsforschung.de/?p=16513",
    "raw": "Viele Menschen leugnen wissenschaftliche Erkenntnisse – und diese Art der Ignoranz kommt in Demokratien besonders häufig vor. Für die einen ist Christian Drosten ein Volksheld, für die anderen ein Staatsfeind. Der Virologe der Berliner Charité forscht seit 20 Jahren an Coronaviren, er hat den weltweit ersten Covid-Test entwickelt, an seiner Expertise gibt es eigentlich überhaupt...",
    "sanitized": "Viele Menschen leugnen wissenschaftliche Erkenntnisse – und diese Art der Ignoranz kommt in Demokratien besonders häufig vor. Für die einen ist Christian Drosten ein Volksheld, für die anderen ein Staatsfeind. Der Virologe der Berliner Charité forscht seit 20 Jahren an Coronaviren, er hat den weltweit ersten Covid-Test entwickelt, an seiner Expertise gibt es eigentlich überhaupt..."
  },
  {
    "itemId": "https://www.alltagsforschung.de/?p=16507",
    "raw": "Es gilt als große Errungenschaft, dass Mitarbeitende ständig den Arbeitgeber wechseln &#8211; doch laut einer Studie erhöhen Unternehmen damit die Gefahr psychischer Erkrankungen. „Kirchen, Armeen und Universitäten gehören zu den stabilsten Organisationen der Welt“, schreibt der Schweizer Autor Rolf Dobelli in seinem Buch „Die Kunst des guten Lebens“. Aber wieso haben sie mehrere Jahrhunderte überdauert...",
    "sanitized": "Es gilt als große Errungenschaft, dass Mitarbeitende ständig den Arbeitgeber wechseln – doch laut einer Studie erhöhen Unternehmen damit die Gefahr psychischer Erkrankungen. „Kirchen, Armeen und Universitäten gehören zu den stabilsten Organisationen der Welt“, schreibt der Schweizer Autor Rolf Dobelli in seinem Buch „Die Kunst des guten Lebens“. Aber wieso haben sie mehrere Jahrhunderte überdauert..."
  },
  {
    "itemId": "https://www.alltagsforschung.de/?p=16502",
    "raw": "Gendergerechte Sprache prägt nicht nur unsere Denkmuster &#8211; sondern auch unser Gedächtnis. Wer wissen will, wie Menschen ticken, muss ihnen nur eine Frage stellen: Wie stehst du zum Thema &#8222;Gendern&#8220;? Tatsächlich gibt es kaum jemanden, der dazu keine Meinung hat. Im Grunde gibt es nur zwei Lager: Die einen lehnen es radikal ab, die anderen...",
    "sanitized": "Gendergerechte Sprache prägt nicht nur unsere Denkmuster – sondern auch unser Gedächtnis. Wer wissen will, wie Menschen ticken, muss ihnen nur eine Frage stellen: Wie stehst du zum Thema „Gendern“? Tatsächlich gibt es kaum jemanden, der dazu keine Meinung hat. Im Grunde gibt es nur zwei Lager: Die einen lehnen es radikal ab, die anderen..."
  },
  {
    "itemId": "https://www.alltagsforschung.de/?p=16495",
    "raw": "Bei Hitze helfen Menschen eher Mitmenschen aus ihrem eigenen Kulturkreis &#8211; und weniger solchen aus fremden Kulturen. Es ist derzeit, Ende Mai, relativ einfach, jeden Morgen schlechte Laune zu bekommen &#8211; man muss nur in die Wettervorhersage schauen. Von einem warmen Frühling ist jedenfalls derzeit noch nicht allzu viel zu spüren. Aber das ist vielleicht...",
    "sanitized": "Bei Hitze helfen Menschen eher Mitmenschen aus ihrem eigenen Kulturkreis – und weniger solchen aus fremden Kulturen. Es ist derzeit, Ende Mai, relativ einfach, jeden Morgen schlechte Laune zu bekommen – man muss nur in die Wettervorhersage schauen. Von einem warmen Frühling ist jedenfalls derzeit noch nicht allzu viel zu spüren. Aber das ist vielleicht..."
  },
  {
    "itemId": "https://www.alltagsforschung.de/?p=16465",
    "raw": "Ermäßigungen appellieren an die niederen Instinkte. Und das hat Folgen: Laut einer neuen Studie fördern Rabatte die Ungeduld der Kunden. Egal ob in Fernsehspots, Onlineanzeigen oder E-Mail-Newslettern: Kaum ein Geschäft kommt heute noch ohne Rabatte aus. Das Kalkül der Ladeninhaber ist einerseits klar: Wer beim Preis runtergeht, will guten Willen signalisieren und den Kunden entgegenkommen,...",
    "sanitized": "Ermäßigungen appellieren an die niederen Instinkte. Und das hat Folgen: Laut einer neuen Studie fördern Rabatte die Ungeduld der Kunden. Egal ob in Fernsehspots, Onlineanzeigen oder E-Mail-Newslettern: Kaum ein Geschäft kommt heute noch ohne Rabatte aus. Das Kalkül der Ladeninhaber ist einerseits klar: Wer beim Preis runtergeht, will guten Willen signalisieren und den Kunden entgegenkommen,..."
  },
  {
    "itemId": "https://www.alltagsforschung.de/?p=16454",
    "raw": "Die Einwohner jener Nationen, denen Geld wichtiger ist als Zeit, sind messbar unglücklicher. Dass Geld nicht glücklich macht, müsste sich inzwischen herumgesprochen haben. Wer sein Leben allein danach ausrichtet, das Konto zu füllen, muss viele Kompromisse eingehen und Dinge tun, die vielleicht finanzielle Vorteile bringen, aber nicht unbedingt seelische Glücksmomente. Und was für den Einzelnen...",
    "sanitized": "Die Einwohner jener Nationen, denen Geld wichtiger ist als Zeit, sind messbar unglücklicher. Dass Geld nicht glücklich macht, müsste sich inzwischen herumgesprochen haben. Wer sein Leben allein danach ausrichtet, das Konto zu füllen, muss viele Kompromisse eingehen und Dinge tun, die vielleicht finanzielle Vorteile bringen, aber nicht unbedingt seelische Glücksmomente. Und was für den Einzelnen..."
  },
  {
    "itemId": "https://www.alltagsforschung.de/?p=16412",
    "raw": "Wer immer nur dasselbe macht, riskiert angeblich Langeweile und Ödnis. Doch jetzt zeigt eine neue Studie: Wiederholte Erfahrungen sind besser als ihr Ruf. Es gibt Menschen, die jedes Jahr am selben Ort Urlaub machen – und dann gibt es Menschen, die diese Art der Ferienplanung für einen absoluten Albtraum halten. &#8222;Das Leben ist zu kurz,...",
    "sanitized": "Wer immer nur dasselbe macht, riskiert angeblich Langeweile und Ödnis. Doch jetzt zeigt eine neue Studie: Wiederholte Erfahrungen sind besser als ihr Ruf. Es gibt Menschen, die jedes Jahr am selben Ort Urlaub machen – und dann gibt es Menschen, die diese Art der Ferienplanung für einen absoluten Albtraum halten. „Das Leben ist zu kurz,..."
  }
]
