{
  "Language": "de",
  "Visibility": "Public",
  "Status": "heise+ | heise+ Update vom 13. Dezember 2024: Lese..."
}
