{
  "raw__": "OpenAI stellt neue ChatGPT-Funktion „Projekte“ zur besseren Organisation und Anpassung vor\n\nOpenAI hat im Rahmen seiner „12 Days of AI“-Veranstaltungsreihe eine neue Funktion für ChatGPT vorgestellt: Projekte. Diese Funktion ermöglicht es Nutzern, Chats und Daten zu gruppieren und so ChatGPT besser an die eigenen Bedürfnisse anzupassen. Damit lassen sich nun verschiedene...Zum Beitrag: OpenAI stellt neue ChatGPT-Funktion „Projekte“ zur besseren Organisation und...\n---\nhttps://stadt-bremerhaven.de/openai-stellt-neue-chatgpt-funktion-projekte-zur-besseren-organisation-und-anpassung-vor/",
  "split": "OpenAI stellt neue ChatGPT-Funktion „Projekte“ zur besseren Organisation und Anpassung vor\n\nOpenAI hat im Rahmen seiner „12 Days of AI“-Veranstaltungsreihe eine neue Funktion für ChatGPT vorgestellt: Projekte. Diese Funktion ermöglicht es Nutzern, Chats und Daten zu gruppieren und so ChatGPT besser an die eigenen Bedürfnisse anzupassen. Damit lassen sich nun verschiedene...\n---\nhttps://stadt-bremerhaven.de/openai-stellt-neue-chatgpt-funktion-projekte-zur-besseren-organisation-und-anpassung-vor/"
}
