Gesetz für früheren Mutterschutz nach Fehlgeburt

Direkt nach einer Fehlgeburt arbeiten müssen? Das soll sich zukünftig für viele Frauen ändern. Angeregt von einer Betroffenen.
---
https://www1.wdr.de/nachrichten/fehlgeburt-mutterschutz-gesetz-100.html
