[
  {
    "itemId": "https://nitter.privacydev.net/JLMelenchon/status/1865847358006739372#m",
    "raw": "<p>🔴📝 Après la censure, avant la prochaine<br>\n<br>\nRetrouvez ma nouvelle note de blog à découvrir et partager. <a href=\"https://melenchon.fr/2024/12/08/apres-la-censure-avant-la-prochaine/\">melenchon.fr/2024/12/08/apre…</a></p>\n<img src=\"https://nitter.privacydev.net/pic/card_img%2F1865847320073408512%2FbeVf5AOw%3Fformat%3Djpg%26name%3D800x419\" style=\"max-width:250px;\" />",
    "sanitized": "🔴📝 Après la censure, avant la prochaine\n\nRetrouvez ma nouvelle note de blog à découvrir et partager. melenchon.fr/2024/12/08/apre…"
  },
  {
    "itemId": "https://nitter.privacydev.net/FiAssemblee/status/1865780462792138812#m",
    "raw": "<p>🔴 L'avenir de la Syrie appartient au peuple syrien.<br>\n<br>\nLe communiqué du groupe parlementaire LFI-NFP ⤵️</p>\n<img src=\"https://nitter.privacydev.net/pic/media%2FGeSVP95WwAE51E-.jpg\" style=\"max-width:250px;\" />",
    "sanitized": "🔴 L'avenir de la Syrie appartient au peuple syrien.\n\nLe communiqué du groupe parlementaire LFI-NFP ⤵️"
  },
  {
    "itemId": "https://nitter.privacydev.net/L_insoumission/status/1865749357267431576#m",
    "raw": "<p>🔴 Interview de Jean-Luc Mélenchon avec El País et La Repubblica<br>\n<br>\nLire sur le site. ⤵️<br>\n<a href=\"https://linsoumission.fr/2024/12/08/interview-de-jean-luc-melenchon-avec-el-pais-et-la-repubblica/\">linsoumission.fr/2024/12/08/…</a></p>\n<img src=\"https://nitter.privacydev.net/pic/card_img%2F1865749229550841856%2Fxjz8-zZZ%3Fformat%3Djpg%26name%3D800x419\" style=\"max-width:250px;\" />",
    "sanitized": "🔴 Interview de Jean-Luc Mélenchon avec El País et La Repubblica\n\nLire sur le site. ⤵️\nlinsoumission.fr/2024/12/08/…"
  },
  {
    "itemId": "https://nitter.privacydev.net/JLMelenchon/status/1865744899045503220#m",
    "raw": "<p>Je me réjouis à 100% de la chute du régime d’al-Assad en Syrie. Je me méfie à 100% des nouveaux maîtres du pays. J’espère à 100% que des élections libres sous contrôle international redonnent aux Syriens leur pouvoir démocratique.</p>",
    "sanitized": "Je me réjouis à 100% de la chute du régime d’al-Assad en Syrie. Je me méfie à 100% des nouveaux maîtres du pays. J’espère à 100% que des élections libres sous contrôle international redonnent aux Syriens leur pouvoir démocratique."
  },
  {
    "itemId": "https://nitter.privacydev.net/elpais_inter/status/1865688167065493559#m",
    "raw": "<p>Mélenchon: “Macron terminará yéndose; no aguantará 30 meses nombrando gobiernos cada tres meses” <a href=\"https://elpais.com/internacional/2024-12-08/melenchon-macron-terminara-yendose-no-aguantara-30-meses-nombrando-gobiernos-cada-tres-meses.html?utm_medium=social&utm_campaign=echobox&utm_source=Twitter&ssm=TW_CM_INT#Echobox=1733647754-1\">elpais.com/internacional/202…</a></p>\n<img src=\"https://nitter.privacydev.net/pic/card_img%2F1865646593032036352%2FagT0sUDe%3Fformat%3Djpg%26name%3D800x419\" style=\"max-width:250px;\" />",
    "sanitized": "Mélenchon: “Macron terminará yéndose; no aguantará 30 meses nombrando gobiernos cada tres meses” elpais.com/internacional/202…"
  },
  {
    "itemId": "https://nitter.privacydev.net/repubblica/status/1865579814792618477#m",
    "raw": "<p>Mélenchon: “Non tratto con Macron, addio ai socialisti se vanno con le destre” <a href=\"https://www.repubblica.it/economia/2024/12/08/news/melenchon_crisi_governo_francia-423845357/\">repubblica.it/economia/2024/…</a></p>\n<img src=\"https://nitter.privacydev.net/pic/card_img%2F1865579818596896768%2FNqcIR8cP%3Fformat%3Djpg%26name%3D800x419\" style=\"max-width:250px;\" />",
    "sanitized": "Mélenchon: “Non tratto con Macron, addio ai socialisti se vanno con le destre” repubblica.it/economia/2024/…"
  },
  {
    "itemId": "https://nitter.privacydev.net/JLMelenchon/status/1865420563210018859#m",
    "raw": "<p>Notre-Dame venait de brûler, les larmes aux yeux j'ai écrit ma part pour dire qui est \"Notre-Dame de Paris\" dans la patrie des humains. <a href=\"https://melenchon.fr/2019/04/15/notre-cathedrale-commune/\">melenchon.fr/2019/04/15/notr…</a></p>\n<img src=\"https://nitter.privacydev.net/pic/card_img%2F1864731639336652800%2FWwmSpPmu%3Fformat%3Djpg%26name%3D800x419\" style=\"max-width:250px;\" />",
    "sanitized": "Notre-Dame venait de brûler, les larmes aux yeux j'ai écrit ma part pour dire qui est \"Notre-Dame de Paris\" dans la patrie des humains. melenchon.fr/2019/04/15/notr…"
  },
  {
    "itemId": "https://nitter.privacydev.net/JLMelenchon/status/1865410751248130217#m",
    "raw": "<p>Sans relâche protester contre l'ignominie du génocide des Palestiniens !</p>\n<img src=\"https://nitter.privacydev.net/pic/media%2FGeNE_kOWAAA_78G.jpg\" style=\"max-width:250px;\" />\n<img src=\"https://nitter.privacydev.net/pic/media%2FGeNFBTaXAAArCON.jpg\" style=\"max-width:250px;\" />\n<img src=\"https://nitter.privacydev.net/pic/media%2FGeNFCCUXoAA8JrU.jpg\" style=\"max-width:250px;\" />\n<img src=\"https://nitter.privacydev.net/pic/media%2FGeNFC71X0AAocCp.jpg\" style=\"max-width:250px;\" />",
    "sanitized": "Sans relâche protester contre l'ignominie du génocide des Palestiniens !"
  },
  {
    "itemId": "https://nitter.privacydev.net/i_laboetie/status/1865383237436027054#m",
    "raw": "<p>🟣 On est en direct !<br>\n<br>\nSuivez en direct notre colloque exceptionnel co-organisé avec Rima Hassan, « L'histoire, la justice et le droit : comprendre pour agir en Palestine ». <br>\n<br>\nÀ suivre sur notre chaîne YouTube : <a href=\"https://www.youtube.com/watch?v=-eXXUBdes-I&list=PLXmNPgcneFMG0k9Nx9cCf8h1Tmmvl88hu&index=5&ab_channel=InstitutLaBo%C3%A9tie\">youtube.com/watch?v=-eXXUBde…</a></p>\n<img src=\"https://nitter.privacydev.net/pic/media%2FGeMsGv1WsAAqRIK.jpg\" style=\"max-width:250px;\" />",
    "sanitized": "🟣 On est en direct !\n\nSuivez en direct notre colloque exceptionnel co-organisé avec Rima Hassan, « L'histoire, la justice et le droit : comprendre pour agir en Palestine ». \n\nÀ suivre sur notre chaîne YouTube : youtube.com/watch?v=-eXXUBde…"
  },
  {
    "itemId": "https://nitter.privacydev.net/L_insoumission/status/1865343628379341307#m",
    "raw": "<p>🔴 « Cette réparation en 5 ans, il faut la vivre comme la gloire de la classe ouvrière » - Jean-Luc Mélenchon à propos de la réouverture de la cathédrale <a href=\"https://nitter.privacydev.net/search?q=%23NotreDame\">#NotreDame</a> de Paris<br>\n<br>\n« Cette construction est un symbole de l’intelligence humaine. Il a fallu 150 ans pour finaliser ce chef d’œuvre qui fut une explosion de savoir-faire.<br>\n<br>\nCette réparation en 5 ans, il faut la vivre comme la gloire de la classe ouvrière, de son savoir, de ce qu’elle sait faire et ses vertus héroïques »</p>\n<img src=\"https://nitter.privacydev.net/pic/ext_tw_video_thumb%2F1865343093811171328%2Fpu%2Fimg%2FCPG-E9ov4ZQhqiOa.jpg\" style=\"max-width:250px;\" />",
    "sanitized": "🔴 « Cette réparation en 5 ans, il faut la vivre comme la gloire de la classe ouvrière » - Jean-Luc Mélenchon à propos de la réouverture de la cathédrale #NotreDame de Paris\n\n« Cette construction est un symbole de l’intelligence humaine. Il a fallu 150 ans pour finaliser ce chef d’œuvre qui fut une explosion de savoir-faire.\n\nCette réparation en 5 ans, il faut la vivre comme la gloire de la classe ouvrière, de son savoir, de ce qu’elle sait faire et ses vertus héroïques »"
  },
  {
    "itemId": "https://nitter.privacydev.net/i_laboetie/status/1865352317601521730#m",
    "raw": "<p>🟣 C’est aujourd’hui à 14h !<br>\n<br>\nSuivez notre colloque « L'histoire, la justice et le droit : comprendre pour agir en Palestine » co-organisé avec <a href=\"https://nitter.privacydev.net/RimaHas\" title=\"Rima Hassan\">@RimaHas</a> et <a href=\"https://nitter.privacydev.net/Left_EU\" title=\"The Left in the European Parliament\">@Left_EU</a><br>\n<br>\nAvec Enzo Traverso, Isa Serra, Bertrand Badie, Clémence Guetté…<br>\n<br>\n👉 En direct ici : <a href=\"https://www.youtube.com/watch?v=-eXXUBdes-I\">youtube.com/watch?v=-eXXUBde…</a></p>\n<img src=\"https://nitter.privacydev.net/pic/media%2FGeMNsfNWwAAm5cV.jpg\" style=\"max-width:250px;\" />",
    "sanitized": "🟣 C’est aujourd’hui à 14h !\n\nSuivez notre colloque « L'histoire, la justice et le droit : comprendre pour agir en Palestine » co-organisé avec @RimaHas et @Left_EU\n\nAvec Enzo Traverso, Isa Serra, Bertrand Badie, Clémence Guetté…\n\n👉 En direct ici : youtube.com/watch?v=-eXXUBde…"
  },
  {
    "itemId": "https://nitter.privacydev.net/JLMelenchon/status/1865145756056801771#m",
    "raw": "<p>LFI ne participe à aucune combine avec Macron. Manuel Bompard explique clairement et directement pourquoi.</p>\n<p><a href=\"https://nitter.privacydev.net/mbompard/status/1865142635394183455#m\">nitter.privacydev.net/mbompard/status/1865142635394183455#m</a></p>",
    "sanitized": "LFI ne participe à aucune combine avec Macron. Manuel Bompard explique clairement et directement pourquoi.\nnitter.privacydev.net/mbompard/status/1865142635394183455#m"
  },
  {
    "itemId": "https://nitter.privacydev.net/MathildePanot/status/1865056704573890610#m",
    "raw": "<p>🔴 📄 L'équivalence entre l'extrême droite et la gauche de rupture, relève-telle d’une position personnelle ou engage-t-elle toute l'organisation d'Oxfam ?<br>\n<br>\nLettre ouverte à Cécile Duflot, après son interview au journal <a href=\"https://nitter.privacydev.net/lemondefr\" title=\"Le Monde\">@lemondefr</a> 👇🏻</p>\n<img src=\"https://nitter.privacydev.net/pic/media%2FGeH-fiIWMAAbaMo.jpg\" style=\"max-width:250px;\" />\n<img src=\"https://nitter.privacydev.net/pic/media%2FGeH-fiJWsAAB4fr.jpg\" style=\"max-width:250px;\" />",
    "sanitized": "🔴 📄 L'équivalence entre l'extrême droite et la gauche de rupture, relève-telle d’une position personnelle ou engage-t-elle toute l'organisation d'Oxfam ?\n\nLettre ouverte à Cécile Duflot, après son interview au journal @lemondefr 👇🏻"
  },
  {
    "itemId": "https://nitter.privacydev.net/JLMelenchon/status/1865033106194919909#m",
    "raw": "<p>Pendant que Macron joue au monopoly politique, le gouvernement allemand se réjouit de la forfaiture de von der Leyen : elle a signé le traité de libre échange Mercosur en Uruguay ! Avec Macron, la France sort de l'Histoire.</p>",
    "sanitized": "Pendant que Macron joue au monopoly politique, le gouvernement allemand se réjouit de la forfaiture de von der Leyen : elle a signé le traité de libre échange Mercosur en Uruguay ! Avec Macron, la France sort de l'Histoire."
  },
  {
    "itemId": "https://nitter.privacydev.net/JLMelenchon/status/1864990200625004577#m",
    "raw": "<p>LFI n'a donné aucun mandat à Olivier Faure, ni pour aller seul à cette rencontre, ni pour négocier un accord et faire des « concessions réciproques » à Macron et LR. Rien de ce qu'il dit ou fait n'est en notre nom ou en celui du NFP.</p>",
    "sanitized": "LFI n'a donné aucun mandat à Olivier Faure, ni pour aller seul à cette rencontre, ni pour négocier un accord et faire des « concessions réciproques » à Macron et LR. Rien de ce qu'il dit ou fait n'est en notre nom ou en celui du NFP."
  },
  {
    "itemId": "https://nitter.privacydev.net/JLMelenchon/status/1864967036725547345#m",
    "raw": "<p>Sans les Italiens, les Français, les Polonais, au nom de qui la Présidente von der Leyen signerait-elle ce midi le traité avec le Mercosur ? Le Parlement européen n’a jamais vu le texte ! L’Allemagne ne peut décider seule !</p>",
    "sanitized": "Sans les Italiens, les Français, les Polonais, au nom de qui la Présidente von der Leyen signerait-elle ce midi le traité avec le Mercosur ? Le Parlement européen n’a jamais vu le texte ! L’Allemagne ne peut décider seule !"
  },
  {
    "itemId": "https://nitter.privacydev.net/JLMelenchon/status/1864767013802905745#m",
    "raw": "<p>Il faut traiter la cause du problème. C’est Macron. Il bloque tout et ne veut entendre personne. <br>\n<br>\nAvec les insoumis, nous avons déposé cet été une motion de destitution. Elle a été empêchée par Madame Le Pen. Peut-être changera-t-elle d’avis !<br>\n<br>\n<a href=\"https://nitter.privacydev.net/search?q=%23MotionDeCensure\">#MotionDeCensure</a></p>\n<img src=\"https://nitter.privacydev.net/pic/media%2FGeD1A3BakAQ_EBN.jpg\" style=\"max-width:250px;\" />",
    "sanitized": "Il faut traiter la cause du problème. C’est Macron. Il bloque tout et ne veut entendre personne. \n\nAvec les insoumis, nous avons déposé cet été une motion de destitution. Elle a été empêchée par Madame Le Pen. Peut-être changera-t-elle d’avis !\n\n#MotionDeCensure"
  },
  {
    "itemId": "https://nitter.privacydev.net/JLMelenchon/status/1864759446032818662#m",
    "raw": "<p>Le changement est nécessaire puisque les vieilles recettes d’Emmanuel Macron ne fonctionnent plus. <br>\n<br>\nLes gens n’en peuvent plus de vivre dans un pays le plus riche de son histoire avec une telle misère.<br>\n<br>\n300 000 emplois sont menacés dans tout le pays.<br>\n<br>\n<a href=\"https://nitter.privacydev.net/search?q=%23MotionDeCensure\">#MotionDeCensure</a></p>\n<img src=\"https://nitter.privacydev.net/pic/media%2FGeDzEI_W0AAOvGd.jpg\" style=\"max-width:250px;\" />",
    "sanitized": "Le changement est nécessaire puisque les vieilles recettes d’Emmanuel Macron ne fonctionnent plus. \n\nLes gens n’en peuvent plus de vivre dans un pays le plus riche de son histoire avec une telle misère.\n\n300 000 emplois sont menacés dans tout le pays.\n\n#MotionDeCensure"
  },
  {
    "itemId": "https://nitter.privacydev.net/JLMelenchon/status/1864758982998409609#m",
    "raw": "<p>C’est M. Macron qui a été censuré, pas M. Barnier ! Il doit s’en aller pour que le peuple puisse voter de nouveau. <br>\n<br>\nIl ne comprend pas ce qui se passe dans le pays ni dans ses mœurs politiques.<br>\n<br>\nLa censure est une réaction au 49.3 déclenché par le gouvernement.<br>\n<br>\n<a href=\"https://nitter.privacydev.net/search?q=%23Macron20h\">#Macron20h</a></p>\n<img src=\"https://nitter.privacydev.net/pic/media%2FGeDyRKJXwAAJmKP.jpg\" style=\"max-width:250px;\" />",
    "sanitized": "C’est M. Macron qui a été censuré, pas M. Barnier ! Il doit s’en aller pour que le peuple puisse voter de nouveau. \n\nIl ne comprend pas ce qui se passe dans le pays ni dans ses mœurs politiques.\n\nLa censure est une réaction au 49.3 déclenché par le gouvernement.\n\n#Macron20h"
  },
  {
    "itemId": "https://nitter.privacydev.net/JLMelenchon/status/1864758719076274583#m",
    "raw": "<p>Nous, membres du NFP, devons tenir parole.<br>\n<br>\nSi le prochain Premier ministre applique les mesures pour lesquelles nous avons été élus, comme l'abrogation de la retraite à 64 ans ou la hausse du SMIC, nous le soutiendrons.<br>\n<br>\nSinon, nous le combattrons.<br>\n<br>\n<a href=\"https://nitter.privacydev.net/search?q=%23Macron20h\">#Macron20h</a> <a href=\"https://nitter.privacydev.net/search?q=%23MotionDeCensure\">#MotionDeCensure</a></p>\n<img src=\"https://nitter.privacydev.net/pic/media%2FGeDy9PtW0AAko9U.jpg\" style=\"max-width:250px;\" />",
    "sanitized": "Nous, membres du NFP, devons tenir parole.\n\nSi le prochain Premier ministre applique les mesures pour lesquelles nous avons été élus, comme l'abrogation de la retraite à 64 ans ou la hausse du SMIC, nous le soutiendrons.\n\nSinon, nous le combattrons.\n\n#Macron20h #MotionDeCensure"
  }
]
