{
  "Language": "de",
  "Visibility": "Public",
  "Status": "LEGO Harry Potter 76424 Fliegender Ford Anglia und..."
}
