{
  "raw__": "Polestar-CEO fordert: Politik muss ihre Versprechen halten\n\nPolestar-CEO Michael Lohscheller hat ein klares Statement abgegeben: Die Klimaziele sind in Gefahr, wenn die Politik ihre Versprechen nicht einhält.\nDer Beitrag Polestar-CEO fordert: Politik muss ihre Versprechen halten erschien zuerst auf Elektroauto-News.net.\n---\nhttps://www.elektroauto-news.net/news/polestar-ceo-klimaziele",
  "split": "Polestar-CEO fordert: Politik muss ihre Versprechen halten\n\nPolestar-CEO Michael Lohscheller hat ein klares Statement abgegeben: Die Klimaziele sind in Gefahr, wenn die Politik ihre Versprechen nicht einhält....\n---\nhttps://www.elektroauto-news.net/news/polestar-ceo-klimaziele"
}
