NYT Strands today — my hints, answers and spangram for Sunday, December 15 (game #287)

Looking for NYT Strands answers and hints? Here's all you need to know to solve today's game, including the spangram.
---
https://www.techradar.com/computing/websites-apps/nyt-strands-today-answers-hints-15-december-2024
