How to respec passive abilities in Path of Exile 2

Your build is everything in Path of Exile 2, so being able to respec your passive abilities is a necessity. You can do it, but only after we show you how to.
---
https://www.digitaltrends.com/gaming/how-to-respec-path-of-exile-2/
